// Vitest Snapshot v1, https://vitest.dev/guide/snapshot.html

exports[`should mount 1`] = `"<div class=\\"btn-group\\"><button type=\\"button\\" class=\\"btn btn-default\\"><span class=\\"fas fa-rotate-left\\"></span></button><button type=\\"button\\" class=\\"btn btn-default\\"><span class=\\"fas fa-rotate-right\\"></span></button></div>"`;
