// Vitest Snapshot v1, https://vitest.dev/guide/snapshot.html

exports[`should mount 1`] = `
"<ul class=\\"media-list\\">
  <li class=\\"media\\">
    <!-- progress bar -->
    <div class=\\"media-body\\">
      <div class=\\"progress\\">
        <div class=\\"progress-bar progress-bar-striped active\\" role=\\"progressbar\\" aria-valuenow=\\"0\\" aria-valuemin=\\"0\\" aria-valuemax=\\"100\\" style=\\"width: 100%;\\"><span class=\\"sr-only\\">view_entry.loading</span></div>
      </div>
    </div>
  </li>
</ul>"
`;
